// Jest Snapshot v1, https://goo.gl/fbAQLP

exports[`Text should match snapshot 1`] = `
<Text
  numberOfLines={2}
  style={
    {
      "color": undefined,
      "fontSize": undefined,
      "width": "375",
    }
  }
>
  这是多行文字，会自动在超过 2 行时折断，这是多行文字，会自动在超过 2 行时折断，这是多行文字，会自动在超过 2 行时折断
</Text>
`;
