// Jest Snapshot v1, https://goo.gl/fbAQLP

exports[`TopNavigation should match snapshot 1`] = `
<View
  style={
    {
      "alignItems": "center",
      "backgroundColor": undefined,
      "boxSizing": "border-box",
      "flexDirection": "row",
      "height": undefined,
      "justifyContent": "space-between",
      "width": 375,
    }
  }
>
  <View
    style={
      {
        "boxSizing": "border-box",
        "flexDirection": "row",
      }
    }
  >
    <View
      accessibilityState={
        {
          "busy": undefined,
          "checked": undefined,
          "disabled": undefined,
          "expanded": undefined,
          "selected": undefined,
        }
      }
      accessibilityValue={
        {
          "max": undefined,
          "min": undefined,
          "now": undefined,
          "text": undefined,
        }
      }
      accessible={true}
      collapsable={false}
      focusable={true}
      onBlur={[Function]}
      onClick={[Function]}
      onFocus={[Function]}
      onResponderGrant={[Function]}
      onResponderMove={[Function]}
      onResponderRelease={[Function]}
      onResponderTerminate={[Function]}
      onResponderTerminationRequest={[Function]}
      onStartShouldSetResponder={[Function]}
      pointerEvents="auto"
    >
      <View
        style={
          {
            "alignItems": "center",
            "backgroundColor": undefined,
            "borderRadius": undefined,
            "boxSizing": "border-box",
            "flexDirection": "row",
            "gap": 8,
            "height": undefined,
            "justifyContent": "center",
            "outline": "unset",
            "paddingHorizontal": undefined,
          }
        }
      >
        <View
          collapsable={false}
          style={{}}
        >
          <RNSVGSvgView
            align="xMidYMid"
            bbHeight="100%"
            bbWidth="100%"
            focusable={false}
            meetOrSlice={0}
            minX={0}
            minY={0}
            style={
              [
                {
                  "backgroundColor": "transparent",
                  "borderWidth": 0,
                },
                {
                  "color": undefined,
                  "height": undefined,
                  "width": undefined,
                },
                {
                  "flex": 0,
                  "height": "100%",
                  "width": "100%",
                },
              ]
            }
            vbHeight={24}
            vbWidth={24}
          >
            <RNSVGGroup
              fill={
                {
                  "payload": 4278190080,
                  "type": 0,
                }
              }
            >
              <RNSVGGroup
                fill={
                  {
                    "payload": 4278190080,
                    "type": 0,
                  }
                }
              >
                <RNSVGGroup
                  fill={
                    {
                      "payload": 4278190080,
                      "type": 0,
                    }
                  }
                >
                  <RNSVGRect
                    fill={
                      {
                        "payload": 4278190080,
                        "type": 0,
                      }
                    }
                    height="24"
                    matrix={
                      [
                        6.123233995736766e-17,
                        1,
                        -1,
                        6.123233995736766e-17,
                        24,
                        0,
                      ]
                    }
                    opacity={0}
                    width="24"
                    x="0"
                    y="0"
                  />
                  <RNSVGPath
                    d="M13.83 19a1 1 0 0 1-.78-.37l-4.83-6a1 1 0 0 1 0-1.27l5-6a1 1 0 0 1 1.54 1.28L10.29 12l4.32 5.36a1 1 0 0 1-.78 1.64z"
                    fill={
                      {
                        "payload": 4278190080,
                        "type": 0,
                      }
                    }
                  />
                </RNSVGGroup>
              </RNSVGGroup>
            </RNSVGGroup>
          </RNSVGSvgView>
        </View>
      </View>
    </View>
  </View>
  <Text
    style={
      {
        "color": undefined,
        "fontSize": undefined,
        "fontWeight": undefined,
      }
    }
  >
    Title
  </Text>
  <View
    style={
      {
        "boxSizing": "border-box",
        "flexDirection": "row",
      }
    }
  />
</View>
`;
