// Jest Snapshot v1, https://goo.gl/fbAQLP

exports[`Button should match snapshot 1`] = `
<View
  style={
    {
      "backgroundColor": undefined,
      "boxSizing": "border-box",
      "flexDirection": "column",
      "flexWrap": "wrap",
      "gap": 16,
      "padding": 16,
    }
  }
>
  <View
    style={
      {
        "boxSizing": "border-box",
        "flexDirection": "row",
        "flexWrap": "wrap",
        "gap": 16,
      }
    }
  >
    <View
      accessibilityState={
        {
          "busy": undefined,
          "checked": undefined,
          "disabled": undefined,
          "expanded": undefined,
          "selected": undefined,
        }
      }
      accessibilityValue={
        {
          "max": undefined,
          "min": undefined,
          "now": undefined,
          "text": undefined,
        }
      }
      accessible={true}
      collapsable={false}
      focusable={true}
      onBlur={[Function]}
      onClick={[Function]}
      onFocus={[Function]}
      onResponderGrant={[Function]}
      onResponderMove={[Function]}
      onResponderRelease={[Function]}
      onResponderTerminate={[Function]}
      onResponderTerminationRequest={[Function]}
      onStartShouldSetResponder={[Function]}
      pointerEvents="auto"
    >
      <View
        style={
          {
            "alignItems": "center",
            "backgroundColor": undefined,
            "borderRadius": undefined,
            "boxSizing": "border-box",
            "flexDirection": "row",
            "gap": 8,
            "height": undefined,
            "justifyContent": "center",
            "outline": "unset",
            "paddingHorizontal": undefined,
          }
        }
      >
        <Text
          style={
            {
              "color": undefined,
              "fontSize": undefined,
              "fontWeight": undefined,
            }
          }
        >
          Button
        </Text>
      </View>
    </View>
    <View
      accessibilityState={
        {
          "busy": undefined,
          "checked": undefined,
          "disabled": undefined,
          "expanded": undefined,
          "selected": undefined,
        }
      }
      accessibilityValue={
        {
          "max": undefined,
          "min": undefined,
          "now": undefined,
          "text": undefined,
        }
      }
      accessible={true}
      collapsable={false}
      focusable={true}
      onBlur={[Function]}
      onClick={[Function]}
      onFocus={[Function]}
      onResponderGrant={[Function]}
      onResponderMove={[Function]}
      onResponderRelease={[Function]}
      onResponderTerminate={[Function]}
      onResponderTerminationRequest={[Function]}
      onStartShouldSetResponder={[Function]}
      pointerEvents="auto"
    >
      <View
        style={
          {
            "alignItems": "center",
            "backgroundColor": undefined,
            "borderRadius": undefined,
            "boxSizing": "border-box",
            "flexDirection": "row",
            "gap": 8,
            "height": undefined,
            "justifyContent": "center",
            "outline": "unset",
            "paddingHorizontal": undefined,
          }
        }
      >
        <Text
          style={
            {
              "color": undefined,
              "fontSize": undefined,
              "fontWeight": undefined,
            }
          }
        >
          Button
        </Text>
      </View>
    </View>
    <View
      accessibilityState={
        {
          "busy": undefined,
          "checked": undefined,
          "disabled": undefined,
          "expanded": undefined,
          "selected": undefined,
        }
      }
      accessibilityValue={
        {
          "max": undefined,
          "min": undefined,
          "now": undefined,
          "text": undefined,
        }
      }
      accessible={true}
      collapsable={false}
      focusable={true}
      onBlur={[Function]}
      onClick={[Function]}
      onFocus={[Function]}
      onResponderGrant={[Function]}
      onResponderMove={[Function]}
      onResponderRelease={[Function]}
      onResponderTerminate={[Function]}
      onResponderTerminationRequest={[Function]}
      onStartShouldSetResponder={[Function]}
      pointerEvents="auto"
    >
      <View
        style={
          {
            "alignItems": "center",
            "backgroundColor": undefined,
            "borderRadius": undefined,
            "boxSizing": "border-box",
            "flexDirection": "row",
            "gap": 8,
            "height": undefined,
            "justifyContent": "center",
            "outline": "unset",
            "paddingHorizontal": undefined,
          }
        }
      >
        <Text
          style={
            {
              "color": undefined,
              "fontSize": undefined,
              "fontWeight": undefined,
            }
          }
        >
          Button
        </Text>
      </View>
    </View>
    <View
      accessibilityState={
        {
          "busy": undefined,
          "checked": undefined,
          "disabled": undefined,
          "expanded": undefined,
          "selected": undefined,
        }
      }
      accessibilityValue={
        {
          "max": undefined,
          "min": undefined,
          "now": undefined,
          "text": undefined,
        }
      }
      accessible={true}
      collapsable={false}
      focusable={true}
      onBlur={[Function]}
      onClick={[Function]}
      onFocus={[Function]}
      onResponderGrant={[Function]}
      onResponderMove={[Function]}
      onResponderRelease={[Function]}
      onResponderTerminate={[Function]}
      onResponderTerminationRequest={[Function]}
      onStartShouldSetResponder={[Function]}
      pointerEvents="auto"
    >
      <View
        style={
          {
            "alignItems": "center",
            "backgroundColor": undefined,
            "borderRadius": undefined,
            "boxSizing": "border-box",
            "flexDirection": "row",
            "gap": 8,
            "height": undefined,
            "justifyContent": "center",
            "outline": "unset",
            "paddingHorizontal": undefined,
          }
        }
      >
        <Text
          style={
            {
              "color": undefined,
              "fontSize": undefined,
              "fontWeight": undefined,
            }
          }
        >
          Button
        </Text>
      </View>
    </View>
    <View
      accessibilityState={
        {
          "busy": undefined,
          "checked": undefined,
          "disabled": undefined,
          "expanded": undefined,
          "selected": undefined,
        }
      }
      accessibilityValue={
        {
          "max": undefined,
          "min": undefined,
          "now": undefined,
          "text": undefined,
        }
      }
      accessible={true}
      collapsable={false}
      focusable={true}
      onBlur={[Function]}
      onClick={[Function]}
      onFocus={[Function]}
      onResponderGrant={[Function]}
      onResponderMove={[Function]}
      onResponderRelease={[Function]}
      onResponderTerminate={[Function]}
      onResponderTerminationRequest={[Function]}
      onStartShouldSetResponder={[Function]}
      pointerEvents="auto"
    >
      <View
        style={
          {
            "alignItems": "center",
            "backgroundColor": undefined,
            "borderRadius": undefined,
            "boxSizing": "border-box",
            "flexDirection": "row",
            "gap": 8,
            "height": undefined,
            "justifyContent": "center",
            "outline": "unset",
            "paddingHorizontal": undefined,
          }
        }
      >
        <Text
          style={
            {
              "color": undefined,
              "fontSize": undefined,
              "fontWeight": undefined,
            }
          }
        >
          Button
        </Text>
      </View>
    </View>
    <View
      accessibilityState={
        {
          "busy": undefined,
          "checked": undefined,
          "disabled": undefined,
          "expanded": undefined,
          "selected": undefined,
        }
      }
      accessibilityValue={
        {
          "max": undefined,
          "min": undefined,
          "now": undefined,
          "text": undefined,
        }
      }
      accessible={true}
      collapsable={false}
      focusable={true}
      onBlur={[Function]}
      onClick={[Function]}
      onFocus={[Function]}
      onResponderGrant={[Function]}
      onResponderMove={[Function]}
      onResponderRelease={[Function]}
      onResponderTerminate={[Function]}
      onResponderTerminationRequest={[Function]}
      onStartShouldSetResponder={[Function]}
      pointerEvents="auto"
    >
      <View
        style={
          {
            "alignItems": "center",
            "backgroundColor": undefined,
            "borderRadius": undefined,
            "boxSizing": "border-box",
            "flexDirection": "row",
            "gap": 8,
            "height": undefined,
            "justifyContent": "center",
            "outline": "unset",
            "paddingHorizontal": undefined,
          }
        }
      >
        <Text
          style={
            {
              "color": undefined,
              "fontSize": undefined,
              "fontWeight": undefined,
            }
          }
        >
          Button
        </Text>
      </View>
    </View>
  </View>
  <View
    style={
      {
        "boxSizing": "border-box",
        "flexDirection": "row",
        "flexWrap": "wrap",
        "gap": 16,
      }
    }
  >
    <View
      accessibilityState={
        {
          "busy": undefined,
          "checked": undefined,
          "disabled": undefined,
          "expanded": undefined,
          "selected": undefined,
        }
      }
      accessibilityValue={
        {
          "max": undefined,
          "min": undefined,
          "now": undefined,
          "text": undefined,
        }
      }
      accessible={true}
      collapsable={false}
      focusable={true}
      onBlur={[Function]}
      onClick={[Function]}
      onFocus={[Function]}
      onResponderGrant={[Function]}
      onResponderMove={[Function]}
      onResponderRelease={[Function]}
      onResponderTerminate={[Function]}
      onResponderTerminationRequest={[Function]}
      onStartShouldSetResponder={[Function]}
      pointerEvents="auto"
    >
      <View
        style={
          {
            "alignItems": "center",
            "backgroundColor": undefined,
            "borderRadius": undefined,
            "boxSizing": "border-box",
            "flexDirection": "row",
            "gap": 8,
            "height": undefined,
            "justifyContent": "center",
            "outline": "unset",
            "outlineColor": undefined,
            "outlineStyle": "solid",
            "outlineWidth": 1,
            "paddingHorizontal": undefined,
          }
        }
      >
        <Text
          style={
            {
              "color": undefined,
              "fontSize": undefined,
              "fontWeight": undefined,
            }
          }
        >
          Button
        </Text>
      </View>
    </View>
    <View
      accessibilityState={
        {
          "busy": undefined,
          "checked": undefined,
          "disabled": undefined,
          "expanded": undefined,
          "selected": undefined,
        }
      }
      accessibilityValue={
        {
          "max": undefined,
          "min": undefined,
          "now": undefined,
          "text": undefined,
        }
      }
      accessible={true}
      collapsable={false}
      focusable={true}
      onBlur={[Function]}
      onClick={[Function]}
      onFocus={[Function]}
      onResponderGrant={[Function]}
      onResponderMove={[Function]}
      onResponderRelease={[Function]}
      onResponderTerminate={[Function]}
      onResponderTerminationRequest={[Function]}
      onStartShouldSetResponder={[Function]}
      pointerEvents="auto"
    >
      <View
        style={
          {
            "alignItems": "center",
            "backgroundColor": undefined,
            "borderRadius": undefined,
            "boxSizing": "border-box",
            "flexDirection": "row",
            "gap": 8,
            "height": undefined,
            "justifyContent": "center",
            "outline": "unset",
            "outlineColor": undefined,
            "outlineStyle": "solid",
            "outlineWidth": 1,
            "paddingHorizontal": undefined,
          }
        }
      >
        <Text
          style={
            {
              "color": undefined,
              "fontSize": undefined,
              "fontWeight": undefined,
            }
          }
        >
          Button
        </Text>
      </View>
    </View>
    <View
      accessibilityState={
        {
          "busy": undefined,
          "checked": undefined,
          "disabled": undefined,
          "expanded": undefined,
          "selected": undefined,
        }
      }
      accessibilityValue={
        {
          "max": undefined,
          "min": undefined,
          "now": undefined,
          "text": undefined,
        }
      }
      accessible={true}
      collapsable={false}
      focusable={true}
      onBlur={[Function]}
      onClick={[Function]}
      onFocus={[Function]}
      onResponderGrant={[Function]}
      onResponderMove={[Function]}
      onResponderRelease={[Function]}
      onResponderTerminate={[Function]}
      onResponderTerminationRequest={[Function]}
      onStartShouldSetResponder={[Function]}
      pointerEvents="auto"
    >
      <View
        style={
          {
            "alignItems": "center",
            "backgroundColor": undefined,
            "borderRadius": undefined,
            "boxSizing": "border-box",
            "flexDirection": "row",
            "gap": 8,
            "height": undefined,
            "justifyContent": "center",
            "outline": "unset",
            "outlineColor": undefined,
            "outlineStyle": "solid",
            "outlineWidth": 1,
            "paddingHorizontal": undefined,
          }
        }
      >
        <Text
          style={
            {
              "color": undefined,
              "fontSize": undefined,
              "fontWeight": undefined,
            }
          }
        >
          Button
        </Text>
      </View>
    </View>
    <View
      accessibilityState={
        {
          "busy": undefined,
          "checked": undefined,
          "disabled": undefined,
          "expanded": undefined,
          "selected": undefined,
        }
      }
      accessibilityValue={
        {
          "max": undefined,
          "min": undefined,
          "now": undefined,
          "text": undefined,
        }
      }
      accessible={true}
      collapsable={false}
      focusable={true}
      onBlur={[Function]}
      onClick={[Function]}
      onFocus={[Function]}
      onResponderGrant={[Function]}
      onResponderMove={[Function]}
      onResponderRelease={[Function]}
      onResponderTerminate={[Function]}
      onResponderTerminationRequest={[Function]}
      onStartShouldSetResponder={[Function]}
      pointerEvents="auto"
    >
      <View
        style={
          {
            "alignItems": "center",
            "backgroundColor": undefined,
            "borderRadius": undefined,
            "boxSizing": "border-box",
            "flexDirection": "row",
            "gap": 8,
            "height": undefined,
            "justifyContent": "center",
            "outline": "unset",
            "outlineColor": undefined,
            "outlineStyle": "solid",
            "outlineWidth": 1,
            "paddingHorizontal": undefined,
          }
        }
      >
        <Text
          style={
            {
              "color": undefined,
              "fontSize": undefined,
              "fontWeight": undefined,
            }
          }
        >
          Button
        </Text>
      </View>
    </View>
    <View
      accessibilityState={
        {
          "busy": undefined,
          "checked": undefined,
          "disabled": undefined,
          "expanded": undefined,
          "selected": undefined,
        }
      }
      accessibilityValue={
        {
          "max": undefined,
          "min": undefined,
          "now": undefined,
          "text": undefined,
        }
      }
      accessible={true}
      collapsable={false}
      focusable={true}
      onBlur={[Function]}
      onClick={[Function]}
      onFocus={[Function]}
      onResponderGrant={[Function]}
      onResponderMove={[Function]}
      onResponderRelease={[Function]}
      onResponderTerminate={[Function]}
      onResponderTerminationRequest={[Function]}
      onStartShouldSetResponder={[Function]}
      pointerEvents="auto"
    >
      <View
        style={
          {
            "alignItems": "center",
            "backgroundColor": undefined,
            "borderRadius": undefined,
            "boxSizing": "border-box",
            "flexDirection": "row",
            "gap": 8,
            "height": undefined,
            "justifyContent": "center",
            "outline": "unset",
            "outlineColor": undefined,
            "outlineStyle": "solid",
            "outlineWidth": 1,
            "paddingHorizontal": undefined,
          }
        }
      >
        <Text
          style={
            {
              "color": undefined,
              "fontSize": undefined,
              "fontWeight": undefined,
            }
          }
        >
          Button
        </Text>
      </View>
    </View>
    <View
      accessibilityState={
        {
          "busy": undefined,
          "checked": undefined,
          "disabled": undefined,
          "expanded": undefined,
          "selected": undefined,
        }
      }
      accessibilityValue={
        {
          "max": undefined,
          "min": undefined,
          "now": undefined,
          "text": undefined,
        }
      }
      accessible={true}
      collapsable={false}
      focusable={true}
      onBlur={[Function]}
      onClick={[Function]}
      onFocus={[Function]}
      onResponderGrant={[Function]}
      onResponderMove={[Function]}
      onResponderRelease={[Function]}
      onResponderTerminate={[Function]}
      onResponderTerminationRequest={[Function]}
      onStartShouldSetResponder={[Function]}
      pointerEvents="auto"
    >
      <View
        style={
          {
            "alignItems": "center",
            "backgroundColor": undefined,
            "borderRadius": undefined,
            "boxSizing": "border-box",
            "flexDirection": "row",
            "gap": 8,
            "height": undefined,
            "justifyContent": "center",
            "outline": "unset",
            "outlineColor": undefined,
            "outlineStyle": "solid",
            "outlineWidth": 1,
            "paddingHorizontal": undefined,
          }
        }
      >
        <Text
          style={
            {
              "color": undefined,
              "fontSize": undefined,
              "fontWeight": undefined,
            }
          }
        >
          Button
        </Text>
      </View>
    </View>
  </View>
  <View
    style={
      {
        "boxSizing": "border-box",
        "flexDirection": "row",
        "flexWrap": "wrap",
        "gap": 16,
      }
    }
  >
    <View
      accessibilityState={
        {
          "busy": undefined,
          "checked": undefined,
          "disabled": undefined,
          "expanded": undefined,
          "selected": undefined,
        }
      }
      accessibilityValue={
        {
          "max": undefined,
          "min": undefined,
          "now": undefined,
          "text": undefined,
        }
      }
      accessible={true}
      collapsable={false}
      focusable={true}
      onBlur={[Function]}
      onClick={[Function]}
      onFocus={[Function]}
      onResponderGrant={[Function]}
      onResponderMove={[Function]}
      onResponderRelease={[Function]}
      onResponderTerminate={[Function]}
      onResponderTerminationRequest={[Function]}
      onStartShouldSetResponder={[Function]}
      pointerEvents="auto"
    >
      <View
        style={
          {
            "alignItems": "center",
            "backgroundColor": undefined,
            "borderRadius": undefined,
            "boxSizing": "border-box",
            "flexDirection": "row",
            "gap": 8,
            "height": undefined,
            "justifyContent": "center",
            "outline": "unset",
            "paddingHorizontal": undefined,
          }
        }
      >
        <Text
          style={
            {
              "color": undefined,
              "fontSize": undefined,
              "fontWeight": undefined,
            }
          }
        >
          Button
        </Text>
      </View>
    </View>
    <View
      accessibilityState={
        {
          "busy": undefined,
          "checked": undefined,
          "disabled": undefined,
          "expanded": undefined,
          "selected": undefined,
        }
      }
      accessibilityValue={
        {
          "max": undefined,
          "min": undefined,
          "now": undefined,
          "text": undefined,
        }
      }
      accessible={true}
      collapsable={false}
      focusable={true}
      onBlur={[Function]}
      onClick={[Function]}
      onFocus={[Function]}
      onResponderGrant={[Function]}
      onResponderMove={[Function]}
      onResponderRelease={[Function]}
      onResponderTerminate={[Function]}
      onResponderTerminationRequest={[Function]}
      onStartShouldSetResponder={[Function]}
      pointerEvents="auto"
    >
      <View
        style={
          {
            "alignItems": "center",
            "backgroundColor": undefined,
            "borderRadius": undefined,
            "boxSizing": "border-box",
            "flexDirection": "row",
            "gap": 8,
            "height": undefined,
            "justifyContent": "center",
            "outline": "unset",
            "paddingHorizontal": undefined,
          }
        }
      >
        <Text
          style={
            {
              "color": undefined,
              "fontSize": undefined,
              "fontWeight": undefined,
            }
          }
        >
          Button
        </Text>
      </View>
    </View>
    <View
      accessibilityState={
        {
          "busy": undefined,
          "checked": undefined,
          "disabled": undefined,
          "expanded": undefined,
          "selected": undefined,
        }
      }
      accessibilityValue={
        {
          "max": undefined,
          "min": undefined,
          "now": undefined,
          "text": undefined,
        }
      }
      accessible={true}
      collapsable={false}
      focusable={true}
      onBlur={[Function]}
      onClick={[Function]}
      onFocus={[Function]}
      onResponderGrant={[Function]}
      onResponderMove={[Function]}
      onResponderRelease={[Function]}
      onResponderTerminate={[Function]}
      onResponderTerminationRequest={[Function]}
      onStartShouldSetResponder={[Function]}
      pointerEvents="auto"
    >
      <View
        style={
          {
            "alignItems": "center",
            "backgroundColor": undefined,
            "borderRadius": undefined,
            "boxSizing": "border-box",
            "flexDirection": "row",
            "gap": 8,
            "height": undefined,
            "justifyContent": "center",
            "outline": "unset",
            "paddingHorizontal": undefined,
          }
        }
      >
        <Text
          style={
            {
              "color": undefined,
              "fontSize": undefined,
              "fontWeight": undefined,
            }
          }
        >
          Button
        </Text>
      </View>
    </View>
    <View
      accessibilityState={
        {
          "busy": undefined,
          "checked": undefined,
          "disabled": undefined,
          "expanded": undefined,
          "selected": undefined,
        }
      }
      accessibilityValue={
        {
          "max": undefined,
          "min": undefined,
          "now": undefined,
          "text": undefined,
        }
      }
      accessible={true}
      collapsable={false}
      focusable={true}
      onBlur={[Function]}
      onClick={[Function]}
      onFocus={[Function]}
      onResponderGrant={[Function]}
      onResponderMove={[Function]}
      onResponderRelease={[Function]}
      onResponderTerminate={[Function]}
      onResponderTerminationRequest={[Function]}
      onStartShouldSetResponder={[Function]}
      pointerEvents="auto"
    >
      <View
        style={
          {
            "alignItems": "center",
            "backgroundColor": undefined,
            "borderRadius": undefined,
            "boxSizing": "border-box",
            "flexDirection": "row",
            "gap": 8,
            "height": undefined,
            "justifyContent": "center",
            "outline": "unset",
            "paddingHorizontal": undefined,
          }
        }
      >
        <Text
          style={
            {
              "color": undefined,
              "fontSize": undefined,
              "fontWeight": undefined,
            }
          }
        >
          Button
        </Text>
      </View>
    </View>
    <View
      accessibilityState={
        {
          "busy": undefined,
          "checked": undefined,
          "disabled": undefined,
          "expanded": undefined,
          "selected": undefined,
        }
      }
      accessibilityValue={
        {
          "max": undefined,
          "min": undefined,
          "now": undefined,
          "text": undefined,
        }
      }
      accessible={true}
      collapsable={false}
      focusable={true}
      onBlur={[Function]}
      onClick={[Function]}
      onFocus={[Function]}
      onResponderGrant={[Function]}
      onResponderMove={[Function]}
      onResponderRelease={[Function]}
      onResponderTerminate={[Function]}
      onResponderTerminationRequest={[Function]}
      onStartShouldSetResponder={[Function]}
      pointerEvents="auto"
    >
      <View
        style={
          {
            "alignItems": "center",
            "backgroundColor": undefined,
            "borderRadius": undefined,
            "boxSizing": "border-box",
            "flexDirection": "row",
            "gap": 8,
            "height": undefined,
            "justifyContent": "center",
            "outline": "unset",
            "paddingHorizontal": undefined,
          }
        }
      >
        <Text
          style={
            {
              "color": undefined,
              "fontSize": undefined,
              "fontWeight": undefined,
            }
          }
        >
          Button
        </Text>
      </View>
    </View>
    <View
      accessibilityState={
        {
          "busy": undefined,
          "checked": undefined,
          "disabled": undefined,
          "expanded": undefined,
          "selected": undefined,
        }
      }
      accessibilityValue={
        {
          "max": undefined,
          "min": undefined,
          "now": undefined,
          "text": undefined,
        }
      }
      accessible={true}
      collapsable={false}
      focusable={true}
      onBlur={[Function]}
      onClick={[Function]}
      onFocus={[Function]}
      onResponderGrant={[Function]}
      onResponderMove={[Function]}
      onResponderRelease={[Function]}
      onResponderTerminate={[Function]}
      onResponderTerminationRequest={[Function]}
      onStartShouldSetResponder={[Function]}
      pointerEvents="auto"
    >
      <View
        style={
          {
            "alignItems": "center",
            "backgroundColor": undefined,
            "borderRadius": undefined,
            "boxSizing": "border-box",
            "flexDirection": "row",
            "gap": 8,
            "height": undefined,
            "justifyContent": "center",
            "outline": "unset",
            "paddingHorizontal": undefined,
          }
        }
      >
        <Text
          style={
            {
              "color": undefined,
              "fontSize": undefined,
              "fontWeight": undefined,
            }
          }
        >
          Button
        </Text>
      </View>
    </View>
  </View>
  <View
    style={
      {
        "boxSizing": "border-box",
        "flexDirection": "row",
        "flexWrap": "wrap",
        "gap": 16,
      }
    }
  >
    <View
      accessibilityState={
        {
          "busy": undefined,
          "checked": undefined,
          "disabled": undefined,
          "expanded": undefined,
          "selected": undefined,
        }
      }
      accessibilityValue={
        {
          "max": undefined,
          "min": undefined,
          "now": undefined,
          "text": undefined,
        }
      }
      accessible={true}
      collapsable={false}
      focusable={true}
      onBlur={[Function]}
      onClick={[Function]}
      onFocus={[Function]}
      onResponderGrant={[Function]}
      onResponderMove={[Function]}
      onResponderRelease={[Function]}
      onResponderTerminate={[Function]}
      onResponderTerminationRequest={[Function]}
      onStartShouldSetResponder={[Function]}
      pointerEvents="auto"
    >
      <View
        style={
          {
            "alignItems": "center",
            "backgroundColor": undefined,
            "borderRadius": undefined,
            "boxSizing": "border-box",
            "flexDirection": "row",
            "gap": 8,
            "height": undefined,
            "justifyContent": "center",
            "outline": "unset",
            "paddingHorizontal": undefined,
          }
        }
      >
        <Text
          style={
            {
              "color": undefined,
              "fontSize": undefined,
              "fontWeight": undefined,
            }
          }
        >
          Button
        </Text>
      </View>
    </View>
    <View
      accessibilityState={
        {
          "busy": undefined,
          "checked": undefined,
          "disabled": undefined,
          "expanded": undefined,
          "selected": undefined,
        }
      }
      accessibilityValue={
        {
          "max": undefined,
          "min": undefined,
          "now": undefined,
          "text": undefined,
        }
      }
      accessible={true}
      collapsable={false}
      focusable={true}
      onBlur={[Function]}
      onClick={[Function]}
      onFocus={[Function]}
      onResponderGrant={[Function]}
      onResponderMove={[Function]}
      onResponderRelease={[Function]}
      onResponderTerminate={[Function]}
      onResponderTerminationRequest={[Function]}
      onStartShouldSetResponder={[Function]}
      pointerEvents="auto"
    >
      <View
        style={
          {
            "alignItems": "center",
            "backgroundColor": undefined,
            "borderRadius": undefined,
            "boxSizing": "border-box",
            "flexDirection": "row",
            "gap": 8,
            "height": undefined,
            "justifyContent": "center",
            "outline": "unset",
            "paddingHorizontal": undefined,
          }
        }
      >
        <Text
          style={
            {
              "color": undefined,
              "fontSize": undefined,
              "fontWeight": undefined,
            }
          }
        >
          Button
        </Text>
      </View>
    </View>
    <View
      accessibilityState={
        {
          "busy": undefined,
          "checked": undefined,
          "disabled": undefined,
          "expanded": undefined,
          "selected": undefined,
        }
      }
      accessibilityValue={
        {
          "max": undefined,
          "min": undefined,
          "now": undefined,
          "text": undefined,
        }
      }
      accessible={true}
      collapsable={false}
      focusable={true}
      onBlur={[Function]}
      onClick={[Function]}
      onFocus={[Function]}
      onResponderGrant={[Function]}
      onResponderMove={[Function]}
      onResponderRelease={[Function]}
      onResponderTerminate={[Function]}
      onResponderTerminationRequest={[Function]}
      onStartShouldSetResponder={[Function]}
      pointerEvents="auto"
    >
      <View
        style={
          {
            "alignItems": "center",
            "backgroundColor": undefined,
            "borderRadius": undefined,
            "boxSizing": "border-box",
            "flexDirection": "row",
            "gap": 8,
            "height": undefined,
            "justifyContent": "center",
            "outline": "unset",
            "paddingHorizontal": undefined,
          }
        }
      >
        <Text
          style={
            {
              "color": undefined,
              "fontSize": undefined,
              "fontWeight": undefined,
            }
          }
        >
          Button
        </Text>
      </View>
    </View>
    <View
      accessibilityState={
        {
          "busy": undefined,
          "checked": undefined,
          "disabled": undefined,
          "expanded": undefined,
          "selected": undefined,
        }
      }
      accessibilityValue={
        {
          "max": undefined,
          "min": undefined,
          "now": undefined,
          "text": undefined,
        }
      }
      accessible={true}
      collapsable={false}
      focusable={true}
      onBlur={[Function]}
      onClick={[Function]}
      onFocus={[Function]}
      onResponderGrant={[Function]}
      onResponderMove={[Function]}
      onResponderRelease={[Function]}
      onResponderTerminate={[Function]}
      onResponderTerminationRequest={[Function]}
      onStartShouldSetResponder={[Function]}
      pointerEvents="auto"
    >
      <View
        style={
          {
            "alignItems": "center",
            "backgroundColor": undefined,
            "borderRadius": undefined,
            "boxSizing": "border-box",
            "flexDirection": "row",
            "gap": 8,
            "height": undefined,
            "justifyContent": "center",
            "outline": "unset",
            "paddingHorizontal": undefined,
          }
        }
      >
        <Text
          style={
            {
              "color": undefined,
              "fontSize": undefined,
              "fontWeight": undefined,
            }
          }
        >
          Button
        </Text>
      </View>
    </View>
    <View
      accessibilityState={
        {
          "busy": undefined,
          "checked": undefined,
          "disabled": undefined,
          "expanded": undefined,
          "selected": undefined,
        }
      }
      accessibilityValue={
        {
          "max": undefined,
          "min": undefined,
          "now": undefined,
          "text": undefined,
        }
      }
      accessible={true}
      collapsable={false}
      focusable={true}
      onBlur={[Function]}
      onClick={[Function]}
      onFocus={[Function]}
      onResponderGrant={[Function]}
      onResponderMove={[Function]}
      onResponderRelease={[Function]}
      onResponderTerminate={[Function]}
      onResponderTerminationRequest={[Function]}
      onStartShouldSetResponder={[Function]}
      pointerEvents="auto"
    >
      <View
        style={
          {
            "alignItems": "center",
            "backgroundColor": undefined,
            "borderRadius": undefined,
            "boxSizing": "border-box",
            "flexDirection": "row",
            "gap": 8,
            "height": undefined,
            "justifyContent": "center",
            "outline": "unset",
            "paddingHorizontal": undefined,
          }
        }
      >
        <Text
          style={
            {
              "color": undefined,
              "fontSize": undefined,
              "fontWeight": undefined,
            }
          }
        >
          Button
        </Text>
      </View>
    </View>
    <View
      accessibilityState={
        {
          "busy": undefined,
          "checked": undefined,
          "disabled": undefined,
          "expanded": undefined,
          "selected": undefined,
        }
      }
      accessibilityValue={
        {
          "max": undefined,
          "min": undefined,
          "now": undefined,
          "text": undefined,
        }
      }
      accessible={true}
      collapsable={false}
      focusable={true}
      onBlur={[Function]}
      onClick={[Function]}
      onFocus={[Function]}
      onResponderGrant={[Function]}
      onResponderMove={[Function]}
      onResponderRelease={[Function]}
      onResponderTerminate={[Function]}
      onResponderTerminationRequest={[Function]}
      onStartShouldSetResponder={[Function]}
      pointerEvents="auto"
    >
      <View
        style={
          {
            "alignItems": "center",
            "backgroundColor": undefined,
            "borderRadius": undefined,
            "boxSizing": "border-box",
            "flexDirection": "row",
            "gap": 8,
            "height": undefined,
            "justifyContent": "center",
            "outline": "unset",
            "paddingHorizontal": undefined,
          }
        }
      >
        <Text
          style={
            {
              "color": undefined,
              "fontSize": undefined,
              "fontWeight": undefined,
            }
          }
        >
          Button
        </Text>
      </View>
    </View>
  </View>
</View>
`;
