// Jest Snapshot v1, https://goo.gl/fbAQLP

exports[`Icon should match snapshot 1`] = `
<View
  style={
    {
      "alignItems": "center",
      "boxSizing": "border-box",
      "flexDirection": "row",
      "justifyContent": "center",
    }
  }
>
  <View
    collapsable={false}
    style={
      {
        "transform": [
          {
            "scale": 1,
          },
        ],
      }
    }
  >
    <RNSVGSvgView
      align="xMidYMid"
      bbHeight="64"
      bbWidth="64"
      focusable={false}
      height={64}
      meetOrSlice={0}
      minX={0}
      minY={0}
      style={
        [
          {
            "backgroundColor": "transparent",
            "borderWidth": 0,
          },
          {
            "flex": 0,
            "height": 64,
            "width": 64,
          },
        ]
      }
      vbHeight={24}
      vbWidth={24}
      width={64}
    >
      <RNSVGGroup
        fill={
          {
            "payload": 4278190080,
            "type": 0,
          }
        }
      >
        <RNSVGGroup
          fill={
            {
              "payload": 4278190080,
              "type": 0,
            }
          }
        >
          <RNSVGGroup
            fill={
              {
                "payload": 4278190080,
                "type": 0,
              }
            }
          >
            <RNSVGRect
              fill={
                {
                  "payload": 4278190080,
                  "type": 0,
                }
              }
              height="24"
              matrix={
                [
                  6.123233995736766e-17,
                  1,
                  -1,
                  6.123233995736766e-17,
                  24,
                  0,
                ]
              }
              opacity={0}
              width="24"
              x="0"
              y="0"
            />
            <RNSVGPath
              d="M14.33 20h-.21a2 2 0 0 1-1.76-1.58L9.68 6l-2.76 6.4A1 1 0 0 1 6 13H3a1 1 0 0 1 0-2h2.34l2.51-5.79a2 2 0 0 1 3.79.38L14.32 18l2.76-6.38A1 1 0 0 1 18 11h3a1 1 0 0 1 0 2h-2.34l-2.51 5.79A2 2 0 0 1 14.33 20z"
              fill={
                {
                  "payload": 4278190080,
                  "type": 0,
                }
              }
            />
          </RNSVGGroup>
        </RNSVGGroup>
      </RNSVGGroup>
    </RNSVGSvgView>
  </View>
</View>
`;
